// Jest Snapshot v1, https://goo.gl/fbAQLP

exports[`unit: internal/routes it should return all of the internal routes 1`] = `
Array [
  "a",
  "b",
  "c",
  "GET - /^\\\\/\\\\$health$/ - healthcheck",
  "GET - /^\\\\/\\\\$matchers$/ - getAllMatchers",
  "GET - /^\\\\/\\\\$matchers\\\\/(.*)$/ - getSingleMatcher",
  "POST - /^\\\\/\\\\$matchers$/ - createMatcher",
  "DELETE - /^\\\\/\\\\$matchers\\\\/(.*)$/ - deleteMatcher",
  "GET - /^\\\\/\\\\$requests$/ - getAllRequests",
  "POST - /^\\\\/\\\\$reset$/ - reset",
  "POST - /^\\\\/\\\\$shutdown$/ - shutdown",
]
`;
